This is pdfTeX, Version 3.141592653-2.6-1.40.29 (TeX Live 2026) (preloaded format=pdflatex 2026.9.8)  9 OCT 2026 10:31
entering extended mode
 restricted \write18 enabled.
 file:line:error style messages enabled.
 %&-line parsing enabled.
**c:/Users/facun/OneDrive/Documentos/GitHub/LabSen-ales_ECG_Grupo_10/main.tex
(c:/Users/facun/OneDrive/Documentos/GitHub/LabSen-ales_ECG_Grupo_10/main.tex
LaTeX2e <2026-06-01>
L3 programming layer <2026-08-10>
(c:/texlive/2026/texmf-dist/tex/latex/base/article.cls
Document Class: article 2025/01/22 v1.4n Standard LaTeX document class
(c:/texlive/2026/texmf-dist/tex/latex/base/size12.clo
File: size12.clo 2025/01/22 v1.4n Standard LaTeX file (size option)
)
\c@part=\count276
\c@section=\count277
\c@subsection=\count278
\c@subsubsection=\count279
\c@paragraph=\count280
\c@subparagraph=\count281
\c@figure=\count282
\c@table=\count283
\abovecaptionskip=\skip49
\belowcaptionskip=\skip50
\bibindent=\dimen150
) (c:/texlive/2026/texmf-dist/tex/latex/base/inputenc.sty
Package: inputenc 2024/02/08 v1.3d Input encoding file
\inpenc@prehook=\toks17
\inpenc@posthook=\toks18
) (c:/texlive/2026/texmf-dist/tex/latex/base/fontenc.sty
Package: fontenc 2025/07/18 v2.1d Standard LaTeX package
) (c:/texlive/2026/texmf-dist/tex/generic/babel/babel.sty
Package: babel 2026/08/21 v26.11 The multilingual framework for LuaLaTeX, pdfLaTeX and XeLaTeX
\babel@savecnt=\count284
LaTeX Encoding Info:    Redeclaring text command \ij (encoding OT1) on input line 2105.
LaTeX Encoding Info:    Redeclaring text command \IJ (encoding OT1) on input line 2107.
LaTeX Encoding Info:    Redeclaring text command \ij (encoding T1) on input line 2109.
LaTeX Encoding Info:    Redeclaring text command \IJ (encoding T1) on input line 2110.
LaTeX Encoding Info:    Ignoring declaration for text command \ij (encoding ?) on input line 2111.
LaTeX Encoding Info:    Ignoring declaration for text command \IJ (encoding ?) on input line 2113.
LaTeX Encoding Info:    Ignoring declaration for text command \SS (encoding ?) on input line 2138.
\U@D=\dimen151
\l@unhyphenated=\language91
 (c:/texlive/2026/texmf-dist/tex/generic/babel/txtbabel.def)
\bbl@readstream=\read2
\bbl@dirlevel=\count285
 (c:/texlive/2026/texmf-dist/tex/generic/babel/locale/es/babel-spanish.tex)
Package babel Info: Importing font and identification data for 'spanish'
(babel)             from babel-es.ini. Reported on input line 4460.
 (c:/texlive/2026/texmf-dist/tex/generic/babel-spanish/spanish.ldf
Language: spanish.ldf 2021/05/27 v5.0q Spanish support from the babel system
\es@quottoks=\toks19
\es@quotdepth=\count286
Package babel Info: Making " an active character on input line 570.
Package babel Info: Making . an active character on input line 675.
Package babel Info: Making < an active character on input line 722.
Package babel Info: Making > an active character on input line 722.
))
LaTeX Encoding Info:    Redeclaring text command \guillemotleft (encoding OT1) on input line 9.
LaTeX Encoding Info:    Redeclaring text command \guillemotright (encoding OT1) on input line 9.
 (c:/texlive/2026/texmf-dist/tex/latex/geometry/geometry.sty
Package: geometry 2026/03/07 v6.0 Page Geometry
 (c:/texlive/2026/texmf-dist/tex/latex/graphics/keyval.sty
Package: keyval 2026-05-17 v1.15 key=value parser (DPC)
\KV@toks@=\toks20
) (c:/texlive/2026/texmf-dist/tex/generic/iftex/ifvtex.sty
Package: ifvtex 2019/10/25 v1.7 ifvtex legacy package. Use iftex instead.
 (c:/texlive/2026/texmf-dist/tex/generic/iftex/iftex.sty
Package: iftex 2024/12/12 v1.0g TeX engine tests
))
\Gm@cnth=\count287
\Gm@cntv=\count288
\c@Gm@tempcnt=\count289
\Gm@bindingoffset=\dimen152
\Gm@wd@mp=\dimen153
\Gm@odd@mp=\dimen154
\Gm@even@mp=\dimen155
\Gm@layoutwidth=\dimen156
\Gm@layoutheight=\dimen157
\Gm@layouthoffset=\dimen158
\Gm@layoutvoffset=\dimen159
\Gm@dimlist=\toks21
) (c:/texlive/2026/texmf-dist/tex/latex/graphics/graphicx.sty
Package: graphicx 2026-05-17 v1.2e Enhanced LaTeX Graphics (DPC,SPQR)
 (c:/texlive/2026/texmf-dist/tex/latex/graphics/graphics.sty
Package: graphics 2026-05-17 v1.4h Standard LaTeX Graphics (DPC,SPQR)
 (c:/texlive/2026/texmf-dist/tex/latex/graphics/trig.sty
Package: trig 2023/12/02 v1.11 sin cos tan (DPC)
) (c:/texlive/2026/texmf-dist/tex/latex/graphics-cfg/graphics.cfg
File: graphics.cfg 2016/06/04 v1.11 sample graphics configuration
)
Package graphics Info: Driver file: pdftex.def on input line 106.
 (c:/texlive/2026/texmf-dist/tex/latex/graphics-def/pdftex.def
File: pdftex.def 2025/09/29 v1.2d Graphics/color driver for pdftex
))
\Gin@req@height=\dimen160
\Gin@req@width=\dimen161
) (c:/texlive/2026/texmf-dist/tex/latex/amsmath/amsmath.sty
Package: amsmath 2026/05/19 v2.18d AMS math features
\@mathmargin=\skip51

For additional information on amsmath, use the `?' option.
(c:/texlive/2026/texmf-dist/tex/latex/amsmath/amstext.sty
Package: amstext 2024/11/17 v2.01 AMS text
 (c:/texlive/2026/texmf-dist/tex/latex/amsmath/amsgen.sty
File: amsgen.sty 1999/11/30 v2.0 generic functions
\@emptytoks=\toks22
\ex@=\dimen162
)) (c:/texlive/2026/texmf-dist/tex/latex/amsmath/amsbsy.sty
Package: amsbsy 1999/11/29 v1.2d Bold Symbols
\pmbraise@=\dimen163
) (c:/texlive/2026/texmf-dist/tex/latex/amsmath/amsopn.sty
Package: amsopn 2022/04/08 v2.04 operator names
)
\inf@bad=\count290
LaTeX Info: Redefining \frac on input line 233.
\uproot@=\count291
\leftroot@=\count292
LaTeX Info: Redefining \overline on input line 398.
LaTeX Info: Redefining \colon on input line 409.
\classnum@=\count293
\DOTSCASE@=\count294
LaTeX Info: Redefining \ldots on input line 495.
LaTeX Info: Redefining \dots on input line 498.
LaTeX Info: Redefining \cdots on input line 619.
\Mathstrutbox@=\box53
\strutbox@=\box54
LaTeX Info: Redefining \big on input line 721.
LaTeX Info: Redefining \Big on input line 722.
LaTeX Info: Redefining \bigg on input line 723.
LaTeX Info: Redefining \Bigg on input line 724.
\big@size=\dimen164
LaTeX Font Info:    Redeclaring font encoding OML on input line 742.
LaTeX Font Info:    Redeclaring font encoding OMS on input line 743.
\macc@depth=\count295
LaTeX Info: Redefining \bmod on input line 904.
LaTeX Info: Redefining \pmod on input line 909.
LaTeX Info: Redefining \smash on input line 939.
LaTeX Info: Redefining \relbar on input line 969.
LaTeX Info: Redefining \Relbar on input line 970.
\c@MaxMatrixCols=\count296
\dotsspace@=\muskip17
\c@parentequation=\count297
\dspbrk@lvl=\count298
\tag@help=\toks23
\row@=\count299
\column@=\count300
\maxfields@=\count301
\andhelp@=\toks24
\eqnshift@=\dimen165
\alignsep@=\dimen166
\tagshift@=\dimen167
\tagwidth@=\dimen168
\totwidth@=\dimen169
\lineht@=\dimen170
\@envbody=\toks25
\multlinegap=\skip52
\multlinetaggap=\skip53
\mathdisplay@stack=\toks26
LaTeX Info: Redefining \[ on input line 2965.
LaTeX Info: Redefining \] on input line 2966.
) (c:/texlive/2026/texmf-dist/tex/latex/placeins/placeins.sty
Package: placeins 2005/04/18  v 2.2
) (c:/texlive/2026/texmf-dist/tex/latex/l3kernel/l3backend-pdftex.def
File: l3backend-pdftex.def 2026-08-10 L3 backend support: PDF output (pdfTeX)
\l__color_backend_stack_int=\count302
) (./main.aux
LaTeX Info: Redefining \. on input line 8.
LaTeX Info: Redefining \% on input line 8.
Package babel Info: 'spanish' activates 'spanish' shorthands.
(babel)             Reported on input line 8.
)
\openout1 = `main.aux'.

LaTeX Font Info:    Checking defaults for OML/cmm/m/it on input line 21.
LaTeX Font Info:    ... okay on input line 21.
LaTeX Font Info:    Checking defaults for OMS/cmsy/m/n on input line 21.
LaTeX Font Info:    ... okay on input line 21.
LaTeX Font Info:    Checking defaults for OT1/cmr/m/n on input line 21.
LaTeX Font Info:    ... okay on input line 21.
LaTeX Font Info:    Checking defaults for T1/cmr/m/n on input line 21.
LaTeX Font Info:    ... okay on input line 21.
LaTeX Font Info:    Checking defaults for TS1/cmr/m/n on input line 21.
LaTeX Font Info:    ... okay on input line 21.
LaTeX Font Info:    Checking defaults for OMX/cmex/m/n on input line 21.
LaTeX Font Info:    ... okay on input line 21.
LaTeX Font Info:    Checking defaults for U/cmr/m/n on input line 21.
LaTeX Font Info:    ... okay on input line 21.
LaTeX Info: Redefining \. on input line 21.
LaTeX Info: Redefining \% on input line 21.

*geometry* driver: auto-detecting
*geometry* detected driver: pdftex
*geometry* verbose mode - [ preamble ] result:
* driver: pdftex
* paper: a4paper
* layout: <same size as paper>
* layoutoffset:(h,v)=(0.0pt,0.0pt)
* modes: 
* h-part:(L,W,R)=(85.35826pt, 426.79135pt, 85.35826pt)
* v-part:(T,H,B)=(71.13188pt, 702.78308pt, 71.13188pt)
* \paperwidth=597.50787pt
* \paperheight=845.04684pt
* \textwidth=426.79135pt
* \textheight=702.78308pt
* \oddsidemargin=13.08827pt
* \evensidemargin=13.08827pt
* \topmargin=-38.1381pt
* \headheight=12.0pt
* \headsep=25.0pt
* \topskip=12.0pt
* \footskip=30.0pt
* \marginparwidth=35.0pt
* \marginparsep=10.0pt
* \columnsep=10.0pt
* \skip\footins=10.8pt plus 4.0pt minus 2.0pt
* \hoffset=0.0pt
* \voffset=0.0pt
* \mag=1000
* \@twocolumnfalse
* \@twosidefalse
* \@mparswitchfalse
* \@reversemarginfalse
* (1in=72.27pt=25.4mm, 1cm=28.453pt)

(c:/texlive/2026/texmf-dist/tex/context/base/mkii/supp-pdf.mkii
[Loading MPS to PDF converter (version 2006.09.02).]
\scratchcounter=\count303
\scratchdimen=\dimen171
\scratchbox=\box55
\nofMPsegments=\count304
\nofMParguments=\count305
\everyMPshowfont=\toks27
\MPscratchCnt=\count306
\MPscratchDim=\dimen172
\MPnumerator=\count307
\makeMPintoPDFobject=\count308
\everyMPtoPDFconversion=\toks28
) (c:/texlive/2026/texmf-dist/tex/latex/epstopdf-pkg/epstopdf-base.sty
Package: epstopdf-base 2020-01-24 v2.11 Base part for package epstopdf
Package epstopdf-base Info: Redefining graphics rule for `.eps' on input line 485.
 (c:/texlive/2026/texmf-dist/tex/latex/latexconfig/epstopdf-sys.cfg
File: epstopdf-sys.cfg 2010/07/13 v1.3 Configuration of (r)epstopdf for TeX Live
))
Package babel Info: Main language set to 'spanish'.
 [1

{c:/texlive/2026/texmf-var/fonts/map/pdftex/updmap/pdftex.map}{c:/texlive/2026/texmf-dist/fonts/enc/dvips/cm-super/cm-super-t1.enc}] [1

] [2]
<Imagenes/AD8232.png, id=26, 77.28876pt x 98.3675pt>
File: Imagenes/AD8232.png Graphic file (type png)
<use Imagenes/AD8232.png>
Package pdftex.def Info: Imagenes/AD8232.png  used on input line 227.
(pdftex.def)             Requested size: 234.73654pt x 298.78355pt.
 [3 <./Imagenes/AD8232.png>] [4]
<Imagenes/PlanoFrontal.png, id=35, 209.28188pt x 182.6825pt>
File: Imagenes/PlanoFrontal.png Graphic file (type png)
<use Imagenes/PlanoFrontal.png>
Package pdftex.def Info: Imagenes/PlanoFrontal.png  used on input line 310.
(pdftex.def)             Requested size: 298.75264pt x 260.7796pt.

Underfull \hbox (badness 10000) in paragraph at lines 347--347
[]\T1/cmr/m/n/12 Aumentadas de
 []

[5 <./Imagenes/PlanoFrontal.png>]
<Imagenes/PlanoHorizontal.png, id=40, 175.15437pt x 202.25563pt>
File: Imagenes/PlanoHorizontal.png Graphic file (type png)
<use Imagenes/PlanoHorizontal.png>
Package pdftex.def Info: Imagenes/PlanoHorizontal.png  used on input line 365.
(pdftex.def)             Requested size: 298.75264pt x 345.03362pt.
 [6 <./Imagenes/PlanoHorizontal.png>]
<Imagenes/ECG_Pre_Completo.png, id=46, 1004.553pt x 353.4003pt>
File: Imagenes/ECG_Pre_Completo.png Graphic file (type png)
<use Imagenes/ECG_Pre_Completo.png>
Package pdftex.def Info: Imagenes/ECG_Pre_Completo.png  used on input line 426.
(pdftex.def)             Requested size: 405.45047pt x 142.6356pt.
<Imagenes/ECG_Post_Completo.png, id=47, 1004.553pt x 353.1594pt>
File: Imagenes/ECG_Post_Completo.png Graphic file (type png)
<use Imagenes/ECG_Post_Completo.png>
Package pdftex.def Info: Imagenes/ECG_Post_Completo.png  used on input line 433.
(pdftex.def)             Requested size: 405.45047pt x 142.53838pt.
 [7 <./Imagenes/ECG_Pre_Completo.png>]
<Imagenes/ECG_Pre_Zoom.png, id=52, 1004.553pt x 353.1594pt>
File: Imagenes/ECG_Pre_Zoom.png Graphic file (type png)
<use Imagenes/ECG_Pre_Zoom.png>
Package pdftex.def Info: Imagenes/ECG_Pre_Zoom.png  used on input line 451.
(pdftex.def)             Requested size: 405.45047pt x 142.53838pt.
<Imagenes/ECG_Post_Zoom.png, id=53, 1004.553pt x 353.1594pt>
File: Imagenes/ECG_Post_Zoom.png Graphic file (type png)
<use Imagenes/ECG_Post_Zoom.png>
Package pdftex.def Info: Imagenes/ECG_Post_Zoom.png  used on input line 458.
(pdftex.def)             Requested size: 405.45047pt x 142.53838pt.
 [8 <./Imagenes/ECG_Post_Completo.png> <./Imagenes/ECG_Pre_Zoom.png>] [9 <./Imagenes/ECG_Post_Zoom.png>] [10]
<Imagenes/ECG_Pre_Offset.png, id=66, 1004.553pt x 353.1594pt>
File: Imagenes/ECG_Pre_Offset.png Graphic file (type png)
<use Imagenes/ECG_Pre_Offset.png>
Package pdftex.def Info: Imagenes/ECG_Pre_Offset.png  used on input line 637.
(pdftex.def)             Requested size: 405.45047pt x 142.53838pt.
<Imagenes/ECG_Post_Offset.png, id=67, 1004.553pt x 353.1594pt>
File: Imagenes/ECG_Post_Offset.png Graphic file (type png)
<use Imagenes/ECG_Post_Offset.png>
Package pdftex.def Info: Imagenes/ECG_Post_Offset.png  used on input line 644.
(pdftex.def)             Requested size: 405.45047pt x 142.53838pt.
 [11] [12 <./Imagenes/ECG_Pre_Offset.png> <./Imagenes/ECG_Post_Offset.png>]
<Imagenes/ECG_Pre_PasaAltos.png, id=77, 1004.553pt x 425.4294pt>
File: Imagenes/ECG_Pre_PasaAltos.png Graphic file (type png)
<use Imagenes/ECG_Pre_PasaAltos.png>
Package pdftex.def Info: Imagenes/ECG_Pre_PasaAltos.png  used on input line 703.
(pdftex.def)             Requested size: 405.45047pt x 171.70723pt.
<Imagenes/ECG_Post_PasaAltos.png, id=78, 1004.553pt x 425.4294pt>
File: Imagenes/ECG_Post_PasaAltos.png Graphic file (type png)
<use Imagenes/ECG_Post_PasaAltos.png>
Package pdftex.def Info: Imagenes/ECG_Post_PasaAltos.png  used on input line 710.
(pdftex.def)             Requested size: 405.45047pt x 171.70723pt.
 [13 <./Imagenes/ECG_Pre_PasaAltos.png> <./Imagenes/ECG_Post_PasaAltos.png>]
<Imagenes/ECG_Pre_PasaAltos_Zoom.png, id=84, 1004.553pt x 425.1885pt>
File: Imagenes/ECG_Pre_PasaAltos_Zoom.png Graphic file (type png)
<use Imagenes/ECG_Pre_PasaAltos_Zoom.png>
Package pdftex.def Info: Imagenes/ECG_Pre_PasaAltos_Zoom.png  used on input line 720.
(pdftex.def)             Requested size: 405.45047pt x 171.61pt.
<Imagenes/ECG_Post_PasaAltos_Zoom.png, id=85, 1004.553pt x 425.4294pt>
File: Imagenes/ECG_Post_PasaAltos_Zoom.png Graphic file (type png)
<use Imagenes/ECG_Post_PasaAltos_Zoom.png>
Package pdftex.def Info: Imagenes/ECG_Post_PasaAltos_Zoom.png  used on input line 727.
(pdftex.def)             Requested size: 405.45047pt x 171.70723pt.
<Imagenes/ECG_Pre_PSD.png, id=86, 859.0494pt x 353.1594pt>
File: Imagenes/ECG_Pre_PSD.png Graphic file (type png)
<use Imagenes/ECG_Pre_PSD.png>
Package pdftex.def Info: Imagenes/ECG_Pre_PSD.png  used on input line 754.
(pdftex.def)             Requested size: 384.1096pt x 157.90715pt.
<Imagenes/ECG_Post_PSD.png, id=87, 859.0494pt x 353.1594pt>
File: Imagenes/ECG_Post_PSD.png Graphic file (type png)
<use Imagenes/ECG_Post_PSD.png>
Package pdftex.def Info: Imagenes/ECG_Post_PSD.png  used on input line 761.
(pdftex.def)             Requested size: 384.1096pt x 157.90715pt.
 [14 <./Imagenes/ECG_Pre_PasaAltos_Zoom.png> <./Imagenes/ECG_Post_PasaAltos_Zoom.png>] [15 <./Imagenes/ECG_Pre_PSD.png> <./Imagenes/ECG_Post_PSD.png>]
<Imagenes/ECG_Pre_Saturacion.png, id=98, 1004.553pt x 353.1594pt>
File: Imagenes/ECG_Pre_Saturacion.png Graphic file (type png)
<use Imagenes/ECG_Pre_Saturacion.png>
Package pdftex.def Info: Imagenes/ECG_Pre_Saturacion.png  used on input line 817.
(pdftex.def)             Requested size: 405.45047pt x 142.53838pt.
<Imagenes/ECG_Post_Saturacion.png, id=99, 1004.553pt x 353.1594pt>
File: Imagenes/ECG_Post_Saturacion.png Graphic file (type png)
<use Imagenes/ECG_Post_Saturacion.png>
Package pdftex.def Info: Imagenes/ECG_Post_Saturacion.png  used on input line 824.
(pdftex.def)             Requested size: 405.45047pt x 142.53838pt.
 [16 <./Imagenes/ECG_Pre_Saturacion.png>]
<Imagenes/ECG_Pre_Procesado.png, id=104, 1004.553pt x 353.4003pt>
File: Imagenes/ECG_Pre_Procesado.png Graphic file (type png)
<use Imagenes/ECG_Pre_Procesado.png>
Package pdftex.def Info: Imagenes/ECG_Pre_Procesado.png  used on input line 852.
(pdftex.def)             Requested size: 405.45047pt x 142.6356pt.
<Imagenes/ECG_Post_Procesado.png, id=105, 1004.553pt x 353.1594pt>
File: Imagenes/ECG_Post_Procesado.png Graphic file (type png)
<use Imagenes/ECG_Post_Procesado.png>
Package pdftex.def Info: Imagenes/ECG_Post_Procesado.png  used on input line 859.
(pdftex.def)             Requested size: 405.45047pt x 142.53838pt.
<Imagenes/ECG_Pre_Procesado_Zoom.png, id=106, 1004.553pt x 353.4003pt>
File: Imagenes/ECG_Pre_Procesado_Zoom.png Graphic file (type png)
<use Imagenes/ECG_Pre_Procesado_Zoom.png>
Package pdftex.def Info: Imagenes/ECG_Pre_Procesado_Zoom.png  used on input line 869.
(pdftex.def)             Requested size: 405.45047pt x 142.6356pt.
<Imagenes/ECG_Post_Procesado_Zoom.png, id=107, 1004.553pt x 353.1594pt>
File: Imagenes/ECG_Post_Procesado_Zoom.png Graphic file (type png)
<use Imagenes/ECG_Post_Procesado_Zoom.png>
Package pdftex.def Info: Imagenes/ECG_Post_Procesado_Zoom.png  used on input line 876.
(pdftex.def)             Requested size: 405.45047pt x 142.53838pt.
 [17 <./Imagenes/ECG_Post_Saturacion.png> <./Imagenes/ECG_Pre_Procesado.png>] [18 <./Imagenes/ECG_Post_Procesado.png> <./Imagenes/ECG_Pre_Procesado_Zoom.png> <./Imagenes/ECG_Post_Procesado_Zoom.png>]
<Imagenes/PanTompkins_Etapas_Pre.png, id=120, 1004.553pt x 786.7794pt>
File: Imagenes/PanTompkins_Etapas_Pre.png Graphic file (type png)
<use Imagenes/PanTompkins_Etapas_Pre.png>
Package pdftex.def Info: Imagenes/PanTompkins_Etapas_Pre.png  used on input line 949.
(pdftex.def)             Requested size: 405.45047pt x 317.55144pt.
<Imagenes/PanTompkins_Etapas_Post.png, id=121, 1004.553pt x 786.7794pt>
File: Imagenes/PanTompkins_Etapas_Post.png Graphic file (type png)
<use Imagenes/PanTompkins_Etapas_Post.png>
Package pdftex.def Info: Imagenes/PanTompkins_Etapas_Post.png  used on input line 956.
(pdftex.def)             Requested size: 405.45047pt x 317.55144pt.
 [19] [20 <./Imagenes/PanTompkins_Etapas_Pre.png>] [21 <./Imagenes/PanTompkins_Etapas_Post.png>]
<Imagenes/PanTompkins_Pre.png, id=133, 1004.553pt x 353.1594pt>
File: Imagenes/PanTompkins_Pre.png Graphic file (type png)
<use Imagenes/PanTompkins_Pre.png>
Package pdftex.def Info: Imagenes/PanTompkins_Pre.png  used on input line 1021.
(pdftex.def)             Requested size: 405.45047pt x 142.53838pt.
<Imagenes/PanTompkins_Post.png, id=134, 1004.553pt x 353.1594pt>
File: Imagenes/PanTompkins_Post.png Graphic file (type png)
<use Imagenes/PanTompkins_Post.png>
Package pdftex.def Info: Imagenes/PanTompkins_Post.png  used on input line 1028.
(pdftex.def)             Requested size: 405.45047pt x 142.53838pt.
 [22] [23 <./Imagenes/PanTompkins_Pre.png> <./Imagenes/PanTompkins_Post.png>]
<Imagenes/FC_Pre.png, id=143, 860.013pt x 280.8894pt>
File: Imagenes/FC_Pre.png Graphic file (type png)
<use Imagenes/FC_Pre.png>
Package pdftex.def Info: Imagenes/FC_Pre.png  used on input line 1075.
(pdftex.def)             Requested size: 405.45047pt x 132.4252pt.
<Imagenes/FC_Post.png, id=144, 860.013pt x 280.8894pt>
File: Imagenes/FC_Post.png Graphic file (type png)
<use Imagenes/FC_Post.png>
Package pdftex.def Info: Imagenes/FC_Post.png  used on input line 1082.
(pdftex.def)             Requested size: 405.45047pt x 132.4252pt.
 [24 <./Imagenes/FC_Pre.png>]
<Imagenes/Tacograma_Pre.png, id=151, 860.013pt x 317.0244pt>
File: Imagenes/Tacograma_Pre.png Graphic file (type png)
<use Imagenes/Tacograma_Pre.png>
Package pdftex.def Info: Imagenes/Tacograma_Pre.png  used on input line 1110.
(pdftex.def)             Requested size: 405.45047pt x 149.46103pt.
<Imagenes/Tacograma_Post.png, id=152, 860.013pt x 317.0244pt>
File: Imagenes/Tacograma_Post.png Graphic file (type png)
<use Imagenes/Tacograma_Post.png>
Package pdftex.def Info: Imagenes/Tacograma_Post.png  used on input line 1117.
(pdftex.def)             Requested size: 405.45047pt x 149.46103pt.
 [25 <./Imagenes/FC_Post.png> <./Imagenes/Tacograma_Pre.png>] [26 <./Imagenes/Tacograma_Post.png>] [27]
<Imagenes/Lomb_Pre.png, id=165, 860.013pt x 353.1594pt>
File: Imagenes/Lomb_Pre.png Graphic file (type png)
<use Imagenes/Lomb_Pre.png>
Package pdftex.def Info: Imagenes/Lomb_Pre.png  used on input line 1296.
(pdftex.def)             Requested size: 405.45047pt x 166.49686pt.
 [28]
<Imagenes/Lomb_Post.png, id=169, 860.013pt x 353.1594pt>
File: Imagenes/Lomb_Post.png Graphic file (type png)
<use Imagenes/Lomb_Post.png>
Package pdftex.def Info: Imagenes/Lomb_Post.png  used on input line 1342.
(pdftex.def)             Requested size: 405.45047pt x 166.49686pt.
 [29 <./Imagenes/Lomb_Pre.png>]
<Imagenes/Lomb_Comparacion.png, id=174, 860.013pt x 353.1594pt>
File: Imagenes/Lomb_Comparacion.png Graphic file (type png)
<use Imagenes/Lomb_Comparacion.png>
Package pdftex.def Info: Imagenes/Lomb_Comparacion.png  used on input line 1393.
(pdftex.def)             Requested size: 405.45047pt x 166.49686pt.
 [30 <./Imagenes/Lomb_Post.png>] [31 <./Imagenes/Lomb_Comparacion.png>] [32] [33

] (./main.aux
LaTeX Info: Redefining \. on input line 8.
LaTeX Info: Redefining \% on input line 8.
)
 ***********
LaTeX2e <2026-06-01>
L3 programming layer <2026-08-10>
 ***********
 ) 
Here is how much of TeX's memory you used:
 4791 strings out of 467099
 81956 string characters out of 5412503
 505363 words of memory out of 5000000
 34097 multiletter control sequences out of 15000+600000
 639001 words of font info for 63 fonts, out of 8000000 for 9000
 1141 hyphenation exceptions out of 8191
 57i,7n,65p,332b,365s stack positions out of 10000i,1000n,20000p,200000b,200000s
<c:/texlive/2026/texmf-dist/fonts/type1/public/amsfonts/cm/cmmi12.pfb><c:/texlive/2026/texmf-dist/fonts/type1/public/amsfonts/cm/cmmi8.pfb><c:/texlive/2026/texmf-dist/fonts/type1/public/amsfonts/cm/cmr12.pfb><c:/texlive/2026/texmf-dist/fonts/type1/public/amsfonts/cm/cmr8.pfb><c:/texlive/2026/texmf-dist/fonts/type1/public/amsfonts/cm/cmsy10.pfb><c:/texlive/2026/texmf-dist/fonts/type1/public/amsfonts/cm/cmsy8.pfb><c:/texlive/2026/texmf-dist/fonts/type1/public/cm-super/sfbi1200.pfb><c:/texlive/2026/texmf-dist/fonts/type1/public/cm-super/sfbx1200.pfb><c:/texlive/2026/texmf-dist/fonts/type1/public/cm-super/sfbx1440.pfb><c:/texlive/2026/texmf-dist/fonts/type1/public/cm-super/sfbx1728.pfb><c:/texlive/2026/texmf-dist/fonts/type1/public/cm-super/sfbx2488.pfb><c:/texlive/2026/texmf-dist/fonts/type1/public/cm-super/sfrm1200.pfb><c:/texlive/2026/texmf-dist/fonts/type1/public/cm-super/sfrm1440.pfb><c:/texlive/2026/texmf-dist/fonts/type1/public/cm-super/sfti1200.pfb><c:/texlive/2026/texmf-dist/fonts/type1/public/cm-super/sftt1200.pfb>
Output written on main.pdf (34 pages, 18223743 bytes).
PDF statistics:
 255 PDF objects out of 1000 (max. 8388607)
 123 compressed objects within 2 object streams
 0 named destinations out of 1000 (max. 500000)
 161 words of extra memory for PDF output out of 10000 (max. 10000000)

